[wphix.com/template/vom/index.html]
[backblue.gif]
[fade.gif]
[index.html]
[wphix.com/template/vom/site.webmanifest]
[wphix.com/template/vom/img/favicon.png]
[wphix.com/template/vom/css/animate.min.css]
[wphix.com/template/vom/css/bootstrap.min.css]
[wphix.com/template/vom/css/magnific-popup.css]
[wphix.com/template/vom/css/meanmenu.min.css]
[wphix.com/template/vom/css/owl.carousel.min.css]
[wphix.com/template/vom/css/fontawesome.min.css]
[wphix.com/template/vom/css/default.css]
[wphix.com/template/vom/css/barfiller.css]
[wphix.com/template/vom/css/style.css]
[wphix.com/template/vom/css/responsive.css]
[wphix.com/template/vom/index-2.html]
[wphix.com/template/vom/img/homepage1/logo/logo.png]
[wphix.com/template/vom/index-3.html]
[wphix.com/template/vom/index-4.html]
[wphix.com/template/vom/index-5.html]
[wphix.com/template/vom/about.html]
[wphix.com/template/vom/services.html]
[wphix.com/template/vom/work.html]
[wphix.com/template/vom/about_me.html]
[wphix.com/template/vom/personal-details.html]
[wphix.com/template/vom/single-services.html]
[wphix.com/template/vom/team.html]
[wphix.com/template/vom/blog.html]
[wphix.com/template/vom/blog-details.html]
[wphix.com/template/vom/contact.html]
[wphix.com/template/vom/img/homepage1/hero/hero_right.jpg]
[wphix.com/template/vom/img/homepage1/hero/hero_right_front.jpg]
[wphix.com/template/vom/img/homepage1/Reward/1.png]
[wphix.com/template/vom/img/homepage1/Reward/2.png]
[wphix.com/template/vom/img/homepage1/video_bg/video-img.jpg]
[wphix.com/template/vom/img/homepage1/we_do/1.png]
[wphix.com/template/vom/img/homepage1/we_do/2.png]
[wphix.com/template/vom/img/homepage1/we_do/3.png]
[wphix.com/template/vom/img/homepage1/video_area/1.jpg]
[wphix.com/template/vom/img/homepage1/video_area/2.jpg]
[wphix.com/template/vom/img/homepage1/video_area/3.jpg]
[wphix.com/template/vom/img/homepage1/video_area/4.jpg]
[wphix.com/template/vom/img/homepage1/video_area/5.jpg]
[wphix.com/template/vom/img/homepage1/video_area/6.jpg]
[wphix.com/template/vom/img/homepage1/team/1.png]
[wphix.com/template/vom/img/homepage1/team/2.png]
[wphix.com/template/vom/img/homepage1/team/3.png]
[wphix.com/template/vom/img/homepage1/team_members/5.png]
[wphix.com/template/vom/img/homepage1/team_members/overley.png]
[wphix.com/template/vom/img/homepage1/team_members/1.png]
[wphix.com/template/vom/img/homepage1/team_members/2.png]
[wphix.com/template/vom/img/homepage1/team_members/3.png]
[wphix.com/template/vom/img/homepage1/team_members/4.png]
[wphix.com/template/vom/img/homepage1/team_members/6.png]
[wphix.com/template/vom/img/homepage1/team_members/7.png]
[wphix.com/template/vom/img/homepage1/news_feeds/news_feeds_1.jpg]
[wphix.com/template/vom/img/homepage1/news_feeds/news_feeds_2.jpg]
[wphix.com/template/vom/img/homepage1/news_feeds/news_feeds_3.jpg]
[wphix.com/template/vom/img/homepage1/footer/footer_thumb.png]
[wphix.com/template/vom/img/homepage1/instragram/1.png]
[wphix.com/template/vom/img/homepage1/instragram/2.png]
[wphix.com/template/vom/img/homepage1/instragram/3.png]
[wphix.com/template/vom/img/homepage1/instragram/4.png]
[wphix.com/template/vom/img/homepage1/instragram/5.png]
[wphix.com/template/vom/img/homepage1/instragram/6.png]
[wphix.com/cdn-cgi/scripts/5c5dd728/cloudflare-static/email-decode.min.js]
[wphix.com/template/vom/js/vendor/modernizr-3.5.0.min.js]
[wphix.com/template/vom/js/vendor/jquery-1.12.4.min.js]
[wphix.com/template/vom/js/popper.min.js]
[wphix.com/template/vom/js/bootstrap.min.js]
[wphix.com/template/vom/js/slick.min.js]
[wphix.com/template/vom/js/owl.carousel.min.js]
[wphix.com/template/vom/js/isotope.pkgd.min.js]
[wphix.com/template/vom/js/imagesloaded.pkgd.min.js]
[wphix.com/template/vom/js/one-page-nav-min.js]
[wphix.com/template/vom/js/ajax-form.js]
[wphix.com/template/vom/js/jquery.meanmenu.min.js]
[wphix.com/template/vom/js/waypoint.js]
[wphix.com/template/vom/js/jquery.counterup.min.js]
[wphix.com/template/vom/js/wow.min.js]
[wphix.com/template/vom/js/jquery.barfiller.js]
[wphix.com/template/vom/js/jquery.scrollUp.min.js]
[wphix.com/template/vom/js/jquery.magnific-popup.min.js]
[wphix.com/template/vom/js/tilt.jquery.min.js]
[wphix.com/template/vom/js/plugins.js]
[wphix.com/template/vom/js/main.js]
[wphix.com/template/vom/index.html]
[wphix.com/template/vom/site.html]
[wphix.com/template/vom/css/animate.min.css]
[wphix.com/template/vom/css/bootstrap.min.css]
[wphix.com/template/vom/css/magnific-popup.css]
[wphix.com/template/vom/css/meanmenu.min.css]
[wphix.com/template/vom/css/owl.video.play.png]
[wphix.com/template/vom/css/owl.carousel.min.css]
[wphix.com/template/vom/fonts/fa-brands-400.eot]
[wphix.com/template/vom/fonts/fa-brands-400d41d.eot]
[wphix.com/template/vom/fonts/fa-brands-400.woff2]
[wphix.com/template/vom/fonts/fa-brands-400.woff]
[wphix.com/template/vom/fonts/fa-brands-400.ttf]
[wphix.com/template/vom/fonts/fa-brands-400.svg]
[wphix.com/template/vom/fonts/fa-duotone-900.eot]
[wphix.com/template/vom/fonts/fa-duotone-900d41d.eot]
[wphix.com/template/vom/fonts/fa-duotone-900.woff2]
[wphix.com/template/vom/fonts/fa-duotone-900.woff]
[wphix.com/template/vom/fonts/fa-duotone-900.ttf]
[wphix.com/template/vom/fonts/fa-duotone-900.svg]
[wphix.com/template/vom/fonts/fa-light-300.eot]
[wphix.com/template/vom/fonts/fa-light-300d41d.eot]
[wphix.com/template/vom/fonts/fa-light-300.woff2]
[wphix.com/template/vom/fonts/fa-light-300.woff]
[wphix.com/template/vom/fonts/fa-light-300.ttf]
[wphix.com/template/vom/fonts/fa-light-300.svg]
[wphix.com/template/vom/fonts/fa-regular-400.eot]
[wphix.com/template/vom/fonts/fa-regular-400d41d.eot]
[wphix.com/template/vom/fonts/fa-regular-400.woff2]
[wphix.com/template/vom/fonts/fa-regular-400.woff]
[wphix.com/template/vom/fonts/fa-regular-400.ttf]
[wphix.com/template/vom/fonts/fa-regular-400.svg]
[wphix.com/template/vom/fonts/fa-solid-900.eot]
[wphix.com/template/vom/fonts/fa-solid-900.woff2]
[wphix.com/template/vom/fonts/fa-solid-900d41d.eot]
[wphix.com/template/vom/fonts/fa-solid-900.woff]
[wphix.com/template/vom/fonts/fa-solid-900.ttf]
[wphix.com/template/vom/css/fontawesome.min.css]
[wphix.com/template/vom/css/default.css]
[wphix.com/template/vom/css/barfiller.css]
[wphix.com/template/vom/fonts/fa-solid-900.svg]
[wphix.com/template/vom/fonts/SnellRoundhand-BoldScript.woff2]
[wphix.com/template/vom/fonts/SnellRoundhand-BoldScript.woff]
[wphix.com/template/vom/fonts/SnellRoundhand.woff]
[wphix.com/template/vom/img/homepage4/shape/menu__shape__line.png]
[wphix.com/template/vom/css/style.css]
[wphix.com/template/vom/css/responsive.css]
[wphix.com/template/vom/index-2.html]
[wphix.com/template/vom/css/slick.css]
[wphix.com/template/vom/img/homepage2/logo/logo.png]
[wphix.com/template/vom/img/homepage2/hero/home_hero_1.jpg]
[wphix.com/template/vom/img/homepage2/hero/home-hero-2.jpg]
[wphix.com/template/vom/img/homepage2/about/about-right.png]
[wphix.com/template/vom/img/homepage2/skills/skills.jpg]
[wphix.com/template/vom/img/homepage2/get_rewards/rewards.jpg]
[wphix.com/template/vom/img/homepage2/brand/brand-1.png]
[wphix.com/template/vom/img/homepage2/brand/brand-2.png]
[wphix.com/template/vom/img/homepage2/brand/brand-3.png]
[wphix.com/template/vom/img/homepage2/brand/brand-4.png]
[wphix.com/template/vom/img/homepage2/brand/brand-5.png]
[wphix.com/template/vom/img/homepage2/production/production-1.jpg]
[wphix.com/template/vom/img/homepage2/production/iocn.png]
[wphix.com/template/vom/img/homepage2/production/production-2.jpg]
[wphix.com/template/vom/img/homepage2/production/production-3.jpg]
[wphix.com/template/vom/img/homepage2/cool_works/bg.png]
[wphix.com/template/vom/img/homepage2/cool_works/1.jpg]
[wphix.com/template/vom/img/homepage2/cool_works/cool_icon.png]
[wphix.com/template/vom/img/homepage2/cool_works/2.jpg]
[wphix.com/template/vom/img/homepage2/cool_works/3.jpg]
[wphix.com/template/vom/img/homepage2/cool_works/4.jpg]
[wphix.com/template/vom/img/homepage2/contact/contact.png]
[wphix.com/template/vom/img/homepage2/Contact/icon-1.png]
[wphix.com/template/vom/img/homepage2/Contact/icon-2.png]
[wphix.com/template/vom/img/homepage2/Contact/icon-3.png]
[wphix.com/template/vom/img/homepage2/testimonials/testimonials_bg.jpg]
[wphix.com/template/vom/img/homepage2/testimonials/1.png]
[wphix.com/template/vom/img/homepage2/testimonials/2.png]
[wphix.com/template/vom/img/homepage2/testimonials/3.png]
[wphix.com/template/vom/img/homepage2/h2_news_feeds/1.jpg]
[wphix.com/template/vom/img/homepage2/h2_news_feeds/2.jpg]
[wphix.com/template/vom/img/homepage2/h2_news_feeds/3.jpg]
[wphix.com/template/vom/img/homepage2/footer/footer-left.jpg]
[wphix.com/template/vom/img/homepage2/footer/footer-right.jpg]
[wphix.com/template/vom/index-3.html]
[wphix.com/template/vom/css/slinky.min.css]
[wphix.com/template/vom/img/homepage3/logo/logo.png]
[wphix.com/template/vom/img/homepage3/hero/hero_left.png]
[wphix.com/template/vom/img/homepage3/hero/hero_right.jpg]
[wphix.com/template/vom/img/homepage3/movi_list/1.jpg]
[wphix.com/template/vom/img/homepage3/movi_list/icon.png]
[wphix.com/template/vom/img/homepage3/movi_list/2.jpg]
[wphix.com/template/vom/img/homepage3/movi_list/3.jpg]
[wphix.com/template/vom/img/homepage3/movi_list/4.jpg]
[wphix.com/template/vom/img/homepage3/movi_list/5.jpg]
[wphix.com/template/vom/img/homepage3/services/bg.jpg]
[wphix.com/template/vom/img/homepage3/services/1.png]
[wphix.com/template/vom/img/homepage3/services/2.png]
[wphix.com/template/vom/img/homepage3/services/3.png]
[wphix.com/template/vom/img/homepage3/services/4.png]
[wphix.com/template/vom/img/homepage3/services/5.png]
[wphix.com/template/vom/img/homepage3/services/6.png]
[wphix.com/template/vom/img/homepage3/h3_testimonial/3.jpg]
[wphix.com/template/vom/img/homepage3/h3_testimonial/2.jpg]
[wphix.com/template/vom/img/homepage3/h3_testimonial/4.jpg]
[wphix.com/template/vom/img/homepage3/play_vidoe/vidoe_play_bg.jpg]
[wphix.com/template/vom/img/homepage3/play_vidoe/play_iocn.png]
[wphix.com/template/vom/img/homepage3/feeds_form/1.png]
[wphix.com/template/vom/img/homepage3/features/actorsss.jpg]
[wphix.com/template/vom/img/homepage3/brand/brand-bg.png]
[wphix.com/template/vom/js/slinky.min.js]
[wphix.com/template/vom/index-4.html]
[wphix.com/template/vom/img/homepage4/logo/logo4.png]
[wphix.com/template/vom/img/homepage4/bg/homebg1.jpg]
[wphix.com/template/vom/img/homepage4/bg/homebg2.jpg]
[wphix.com/template/vom/img/homepage4/thumb/services__thumb1.jpg]
[wphix.com/template/vom/services-details.html]
[wphix.com/template/vom/img/homepage4/thumb/services__thumb2.jpg]
[wphix.com/template/vom/img/homepage4/thumb/services__thumb3.jpg]
[wphix.com/template/vom/img/homepage4/bg/trailer__bg.jpg]
[wphix.com/template/vom/img/homepage4/team/team-members2.jpg]
[wphix.com/template/vom/img/homepage4/team/team-members1.jpg]
[wphix.com/template/vom/img/homepage4/gallery/gallery__thumb1.jpg]
[wphix.com/template/vom/img/homepage4/gallery/gallery__thumb2.jpg]
[wphix.com/template/vom/img/homepage4/gallery/gallery__thumb3.jpg]
[wphix.com/template/vom/img/homepage4/gallery/gallery__thumb4.jpg]
[wphix.com/template/vom/img/homepage4/gallery/gallery__thumb5.jpg]
[wphix.com/template/vom/img/homepage4/gallery/gallery__thumb6.jpg]
[wphix.com/template/vom/img/homepage4/drama/drama__thumb1.jpg]
[wphix.com/template/vom/img/homepage4/drama/drama__thumb2.jpg]
[wphix.com/template/vom/img/homepage4/drama/drama__thumb3.jpg]
[wphix.com/template/vom/img/homepage4/drama/drama__thumb4.jpg]
[wphix.com/template/vom/img/homepage4/drama/drama__thumb5.jpg]
[wphix.com/template/vom/img/homepage4/drama/drama__thumb6.jpg]
[wphix.com/template/vom/img/homepage4/drama/drama__thumb7.jpg]
[wphix.com/template/vom/img/homepage4/drama/drama__thumb8.jpg]
[wphix.com/template/vom/img/homepage4/review/review--bg.jpg]
[wphix.com/template/vom/img/homepage4/review/review__thumb1.jpg]
[wphix.com/template/vom/img/homepage4/review/review__thumb2.jpg]
[wphix.com/template/vom/img/homepage4/review/review__thumb3.jpg]
[wphix.com/template/vom/img/homepage4/review/review__thumb4.jpg]
[wphix.com/template/vom/img/blog/bs-1.jpg]
[wphix.com/template/vom/img/blog/bs-2.jpg]
[wphix.com/template/vom/img/blog/bs-3.jpg]
[wphix.com/template/vom/img/logo/white-logo.png]
[wphix.com/template/vom/img/blog/lp-01.jpg]
[wphix.com/template/vom/img/blog/lp-02.jpg]
[wphix.com/template/vom/img/blog/lp-03.jpg]
[wphix.com/template/vom/index-5.html]
[wphix.com/template/vom/img/about/about-header.jpg]
[wphix.com/template/vom/img/about/iocn.png]
[wphix.com/template/vom/img/about/1.jpg]
[wphix.com/template/vom/img/about/2.jpg]
[wphix.com/template/vom/img/about/vidi-iocn.png]
[wphix.com/template/vom/img/about/journey/1.jpg]
[wphix.com/template/vom/img/about/journey/brand.png]
[wphix.com/template/vom/img/about/teams/team1.jpg]
[wphix.com/template/vom/img/about/teams/team2.jpg]
[wphix.com/template/vom/img/about/teams/team3.jpg]
[wphix.com/template/vom/about.html]
[wphix.com/template/vom/img/homepage1/we_do/4.png]
[wphix.com/template/vom/img/homepage1/we_do/5.png]
[wphix.com/template/vom/img/homepage1/we_do/6.png]
[wphix.com/template/vom/img/services/services-bg1.jpg]
[wphix.com/template/vom/img/services/logo.png]
[wphix.com/template/vom/img/services/brand-bg.png]
[wphix.com/template/vom/services.html]
[wphix.com/template/vom/work.html]
[wphix.com/template/vom/img/about_me/me.png]
[wphix.com/template/vom/img/about_me/my_cemera.png]
[wphix.com/template/vom/img/about_me/slider/pp1.jpg]
[wphix.com/template/vom/img/about_me/slider/pp2.jpg]
[wphix.com/template/vom/img/about_me/slider/pp4.jpg]
[wphix.com/template/vom/img/about_me/slider/pp5.jpg]
[wphix.com/template/vom/img/about/journey/about-me.png]
[wphix.com/template/vom/img/about/journey/1.png]
[wphix.com/template/vom/about_me.html]
[wphix.com/template/vom/img/about_me/Personal-details.jpg]
[wphix.com/template/vom/personal-details.html]
[wphix.com/template/vom/img/homepage1/video_bg/Single-Services.jpg]
[wphix.com/template/vom/single-services.html]
[wphix.com/template/vom/img/homepage1/team/4.png]
[wphix.com/template/vom/img/homepage1/team/5.png]
[wphix.com/template/vom/img/homepage1/team/6.png]
[wphix.com/template/vom/team.html]
[wphix.com/template/vom/img/blog/b1.jpg]
[wphix.com/template/vom/img/blog/b6.jpg]
[wphix.com/template/vom/img/blog/b5.jpg]
[wphix.com/template/vom/img/blog/b7.jpg]
[wphix.com/template/vom/img/blog/01.jpg]
[wphix.com/template/vom/img/blog/02.jpg]
[wphix.com/template/vom/img/blog/03.jpg]
[wphix.com/template/vom/img/blog/b2.jpg]
[wphix.com/template/vom/img/blog/b3.jpg]
[wphix.com/template/vom/img/blog/b4.jpg]
[wphix.com/template/vom/img/blog/b8.jpg]
[wphix.com/template/vom/img/blog/banners.jpg]
[wphix.com/template/vom/blog.html]
[wphix.com/template/vom/img/blog/details/author.png]
[wphix.com/template/vom/img/blog/details/comments1.png]
[wphix.com/template/vom/img/blog/details/comments2.png]
[wphix.com/template/vom/blog-details.html]
[wphix.com/template/vom/img/about/contact-bg.jpg]
[wphix.com/template/vom/contact.html]
[wphix.com/template/vom/css/owl.video.play.html]
[wphix.com/template/vom/fonts/fa-brands-400.svg]
[wphix.com/template/vom/fonts/fa-duotone-900.svg]
[wphix.com/template/vom/fonts/fa-light-300.svg]
[wphix.com/template/vom/fonts/fa-regular-400.svg]
[wphix.com/template/vom/fonts/fa-solid-900.svg]
[wphix.com/template/vom/css/slick.css]
[wphix.com/template/vom/img/homepage2/contact/contact.html]
[wphix.com/template/vom/css/slinky.min.css]
[wphix.com/template/vom/services-details.html]
[wphix.com/template/vom/img/about/journey/1.html]
[wphix.com/template/vom/img/about/journey/brand.html]
[wphix.com/template/vom/img/about/journey/about-me.html]
[wphix.com/template/vom/img/about/journey/1-2.html]
